---
source: tests/asmtests.rs
expression: "case(input, output)"
---

    call catch/22
    
-----
Unbound label catch/22
