---
source: tests/compiletests.rs
expression: "case(input, writeout(&instructions))"
---
f(b, Y)
-----
000	get_structure f/2, X1
001	unify_variable X2
002	unify_variable X3
003	get_structure b/0, X2

