---
source: tests/compiletests.rs
expression: "case(input, writeout_compile_result(&result, &symbol_table))"
---
p(X, Y)
-----
000	get_variable X3, X1
001	get_variable X4, X2
002	proceed

