---
source: tests/compiletests.rs
expression: "case(input, writeout_compile_result(&result, &symbol_table))"
---
p(Z, h(Z,W), f(W))
-----
000	get_variable X4, X1	// X4=Z
001	get_structure h/2, X2	
002	unify_value X4	// X4=Z
003	unify_variable X5	// X5=W
004	get_structure f/1, X3	
005	unify_value X5	// X5=W

