---
source: tests/compiletests.rs
expression: "case(input, collapse(result))"
---
?- p(a, X, Y), f(b, f(X)).
-----
000	allocate 2
001	put_structure a/0, X1
002	put_variable Y1, X2	// Y1=X
003	put_variable Y2, X3	// Y2=Y
004	call @0
005	put_structure b/0, X1
006	put_structure f/1, X2
007	set_value Y1	// Y1=X
008	call @10
009	publish
010	deallocate

