---
source: tests/decompiletests.rs
expression: "case(program_str.to_owned() + \" | ?- \" + query_str, program_result)"
---
p(Z, h(Z,W), f(W)) | ?- p(f(X), h(Y, f(a)), Y)
-----
QUERY
----
000	X	(X5) =	<STR,6>	// f(a)
001	Y	(X4) =	<STR,18>	// f(f(a))

PROGRAM
____
000	W	(X5) =	<STR,6>	// f(a)
001	Z	(X2) =	<STR,18>	// f(f(a))


