---
source: tests/decompiletests.rs
expression: "case(program_str.to_owned() + \" | ?- \" + query_str, result)"
---
f(b, Y) | ?- f(X, g(X,a))
-----
QUERY
----
000	X	(X3) =	<STR,4>	// g(b, a)

PROGRAM
____
000	Y	(X3) =	<STR,4>	// g(b, a)

X1	
X2	
X3	// query.X, program.Y
X4	
X5	

