---
source: tests/executetests.rs
expression: "case(input, output)"
---
?- a.
-----

