---
source: tests/executetests.rs
expression: "case(input, output)"
---
(?- f(b, Y)., f(X, g(X,a)).)
-----
h: HEAP[9]
s: HEAP[2]
p: CODE[9]
mode: write
fail: false
halt: false
code:
000	get_variable X3, X1
001	get_structure g/2, X2
002	unify_value X3
003	unify_variable X4
004	get_structure a/0, X4
005	proceed
006	put_structure b/0, X1
007	put_variable X3, X2
008	call @0

heap:
000	<STR,1>
001	b/0
002	<STR,4>
003	<STR,4>
004	g/2
005	<STR,1>
006	<STR,8>
007	<STR,8>
008	a/0

regs:
000	<EMPTY>
001	<STR,1>
002	<REF,2>
003	<STR,1>
004	<REF,6>

pdl:


000	Y	(HEAP[1]) =	b/0	// b

000	X	(HEAP[1]) =	b/0	// b

