---
source: tests/executetests.rs
expression: "case(input, output)"
---
a
-----
000	<STR,1>
001	a/0

