---
source: tests/langtests.rs
expression: "case(input, err)"
---

-----
error at 1:1: expected one of block comment, line comment, structure name, variable name
