---
source: tests/langtests.rs
expression: term
---
p(Z, h(Z, W), f(W))
