---
source: tests/langtests.rs
expression: "case(input, to_display(&term, &symbol_table))"
---
superTerm(SuperVariable)
-----
superTerm(SuperVariable)
