---
source: tests/langtests.rs
expression: "case(input, term)"
---
D
-----
D
