---
source: tests/langtests.rs
expression: parse_term(input)
---
Err(
    "error at 1:1: expected one of \"#\", \"%\", \"/*\", [' ' | '\\t' | '\\r' | '\\n'], ['A' ..= 'Z'], ['a' ..= 'z']",
)
